Archive member included to satisfy reference by file (symbol)

d:/programs/stm32cubeide_1.7.0/stm32cubeide/plugins/com.st.stm32cube.ide.mcu.externaltools.gnu-tools-for-stm32.9-2020-q2-update.win32_2.0.0.202105311346/tools/bin/../lib/gcc/arm-none-eabi/9.3.1/../../../../arm-none-eabi/lib/thumb/v7e-m+fp/hard\libc_nano.a(lib_a-exit.o)
                              d:/programs/stm32cubeide_1.7.0/stm32cubeide/plugins/com.st.stm32cube.ide.mcu.externaltools.gnu-tools-for-stm32.9-2020-q2-update.win32_2.0.0.202105311346/tools/bin/../lib/gcc/arm-none-eabi/9.3.1/../../../../arm-none-eabi/lib/thumb/v7e-m+fp/hard/crt0.o (exit)
d:/programs/stm32cubeide_1.7.0/stm32cubeide/plugins/com.st.stm32cube.ide.mcu.externaltools.gnu-tools-for-stm32.9-2020-q2-update.win32_2.0.0.202105311346/tools/bin/../lib/gcc/arm-none-eabi/9.3.1/../../../../arm-none-eabi/lib/thumb/v7e-m+fp/hard\libc_nano.a(lib_a-impure.o)
                              d:/programs/stm32cubeide_1.7.0/stm32cubeide/plugins/com.st.stm32cube.ide.mcu.externaltools.gnu-tools-for-stm32.9-2020-q2-update.win32_2.0.0.202105311346/tools/bin/../lib/gcc/arm-none-eabi/9.3.1/../../../../arm-none-eabi/lib/thumb/v7e-m+fp/hard\libc_nano.a(lib_a-exit.o) (_global_impure_ptr)
d:/programs/stm32cubeide_1.7.0/stm32cubeide/plugins/com.st.stm32cube.ide.mcu.externaltools.gnu-tools-for-stm32.9-2020-q2-update.win32_2.0.0.202105311346/tools/bin/../lib/gcc/arm-none-eabi/9.3.1/../../../../arm-none-eabi/lib/thumb/v7e-m+fp/hard\libc_nano.a(lib_a-init.o)
                              d:/programs/stm32cubeide_1.7.0/stm32cubeide/plugins/com.st.stm32cube.ide.mcu.externaltools.gnu-tools-for-stm32.9-2020-q2-update.win32_2.0.0.202105311346/tools/bin/../lib/gcc/arm-none-eabi/9.3.1/../../../../arm-none-eabi/lib/thumb/v7e-m+fp/hard/crt0.o (__libc_init_array)
d:/programs/stm32cubeide_1.7.0/stm32cubeide/plugins/com.st.stm32cube.ide.mcu.externaltools.gnu-tools-for-stm32.9-2020-q2-update.win32_2.0.0.202105311346/tools/bin/../lib/gcc/arm-none-eabi/9.3.1/../../../../arm-none-eabi/lib/thumb/v7e-m+fp/hard\libc_nano.a(lib_a-memset.o)
                              d:/programs/stm32cubeide_1.7.0/stm32cubeide/plugins/com.st.stm32cube.ide.mcu.externaltools.gnu-tools-for-stm32.9-2020-q2-update.win32_2.0.0.202105311346/tools/bin/../lib/gcc/arm-none-eabi/9.3.1/../../../../arm-none-eabi/lib/thumb/v7e-m+fp/hard/crt0.o (memset)
d:/programs/stm32cubeide_1.7.0/stm32cubeide/plugins/com.st.stm32cube.ide.mcu.externaltools.gnu-tools-for-stm32.9-2020-q2-update.win32_2.0.0.202105311346/tools/bin/../lib/gcc/arm-none-eabi/9.3.1/thumb/v7e-m+fp/hard\libgcc.a(_aeabi_uldivmod.o)
                              ./Drivers/STM32F4xx_HAL_Driver/Src/stm32f4xx_hal_rcc.o (__aeabi_uldivmod)
d:/programs/stm32cubeide_1.7.0/stm32cubeide/plugins/com.st.stm32cube.ide.mcu.externaltools.gnu-tools-for-stm32.9-2020-q2-update.win32_2.0.0.202105311346/tools/bin/../lib/gcc/arm-none-eabi/9.3.1/thumb/v7e-m+fp/hard\libgcc.a(_udivmoddi4.o)
                              d:/programs/stm32cubeide_1.7.0/stm32cubeide/plugins/com.st.stm32cube.ide.mcu.externaltools.gnu-tools-for-stm32.9-2020-q2-update.win32_2.0.0.202105311346/tools/bin/../lib/gcc/arm-none-eabi/9.3.1/thumb/v7e-m+fp/hard\libgcc.a(_aeabi_uldivmod.o) (__udivmoddi4)
d:/programs/stm32cubeide_1.7.0/stm32cubeide/plugins/com.st.stm32cube.ide.mcu.externaltools.gnu-tools-for-stm32.9-2020-q2-update.win32_2.0.0.202105311346/tools/bin/../lib/gcc/arm-none-eabi/9.3.1/thumb/v7e-m+fp/hard\libgcc.a(_dvmd_tls.o)
                              d:/programs/stm32cubeide_1.7.0/stm32cubeide/plugins/com.st.stm32cube.ide.mcu.externaltools.gnu-tools-for-stm32.9-2020-q2-update.win32_2.0.0.202105311346/tools/bin/../lib/gcc/arm-none-eabi/9.3.1/thumb/v7e-m+fp/hard\libgcc.a(_aeabi_uldivmod.o) (__aeabi_ldiv0)
d:/programs/stm32cubeide_1.7.0/stm32cubeide/plugins/com.st.stm32cube.ide.mcu.externaltools.gnu-tools-for-stm32.9-2020-q2-update.win32_2.0.0.202105311346/tools/bin/../lib/gcc/arm-none-eabi/9.3.1/../../../../arm-none-eabi/lib/thumb/v7e-m+fp/hard\libnosys.a(_exit.o)
                              d:/programs/stm32cubeide_1.7.0/stm32cubeide/plugins/com.st.stm32cube.ide.mcu.externaltools.gnu-tools-for-stm32.9-2020-q2-update.win32_2.0.0.202105311346/tools/bin/../lib/gcc/arm-none-eabi/9.3.1/../../../../arm-none-eabi/lib/thumb/v7e-m+fp/hard\libc_nano.a(lib_a-exit.o) (_exit)

Allocating common symbols
Common symbol       size              file

uwTick              0x4               ./Drivers/STM32F4xx_HAL_Driver/Src/stm32f4xx_hal.o
pFlash              0x20              ./Drivers/STM32F4xx_HAL_Driver/Src/stm32f4xx_hal_flash.o

Discarded input sections

 .text          0x0000000000000000        0x0 d:/programs/stm32cubeide_1.7.0/stm32cubeide/plugins/com.st.stm32cube.ide.mcu.externaltools.gnu-tools-for-stm32.9-2020-q2-update.win32_2.0.0.202105311346/tools/bin/../lib/gcc/arm-none-eabi/9.3.1/thumb/v7e-m+fp/hard/crti.o
[...]
Memory Configuration

Name             Origin             Length             Attributes
RAM              0x0000000020000000 0x0000000000010000 xrw
FLASH            0x0000000008000000 0x0000000000040000 xr
*default*        0x0000000000000000 0xffffffffffffffff

Linker script and memory map

LOAD d:/programs/stm32cubeide_1.7.0/stm32cubeide/plugins/com.st.stm32cube.ide.mcu.externaltools.gnu-tools-for-stm32.9-2020-q2-update.win32_2.0.0.202105311346/tools/bin/../lib/gcc/arm-none-eabi/9.3.1/thumb/v7e-m+fp/hard/crti.o
LOAD d:/programs/stm32cubeide_1.7.0/stm32cubeide/plugins/com.st.stm32cube.ide.mcu.externaltools.gnu-tools-for-stm32.9-2020-q2-update.win32_2.0.0.202105311346/tools/bin/../lib/gcc/arm-none-eabi/9.3.1/thumb/v7e-m+fp/hard/crtbegin.o
LOAD d:/programs/stm32cubeide_1.7.0/stm32cubeide/plugins/com.st.stm32cube.ide.mcu.externaltools.gnu-tools-for-stm32.9-2020-q2-update.win32_2.0.0.202105311346/tools/bin/../lib/gcc/arm-none-eabi/9.3.1/../../../../arm-none-eabi/lib/thumb/v7e-m+fp/hard/crt0.o
LOAD ./Core/Src/GPIO.o
LOAD ./Core/Src/main.o
LOAD ./Core/Src/system_stm32f4xx.o
LOAD ./Core/Startup/startup_stm32f401ccux.o
LOAD ./Drivers/STM32F4xx_HAL_Driver/Src/stm32f4xx_hal.o
LOAD ./Drivers/STM32F4xx_HAL_Driver/Src/stm32f4xx_hal_cortex.o
LOAD ./Drivers/STM32F4xx_HAL_Driver/Src/stm32f4xx_hal_dma.o
LOAD ./Drivers/STM32F4xx_HAL_Driver/Src/stm32f4xx_hal_dma_ex.o
LOAD ./Drivers/STM32F4xx_HAL_Driver/Src/stm32f4xx_hal_exti.o
LOAD ./Drivers/STM32F4xx_HAL_Driver/Src/stm32f4xx_hal_flash.o
LOAD ./Drivers/STM32F4xx_HAL_Driver/Src/stm32f4xx_hal_flash_ex.o
LOAD ./Drivers/STM32F4xx_HAL_Driver/Src/stm32f4xx_hal_flash_ramfunc.o
LOAD ./Drivers/STM32F4xx_HAL_Driver/Src/stm32f4xx_hal_gpio.o
LOAD ./Drivers/STM32F4xx_HAL_Driver/Src/stm32f4xx_hal_pwr.o
LOAD ./Drivers/STM32F4xx_HAL_Driver/Src/stm32f4xx_hal_pwr_ex.o
LOAD ./Drivers/STM32F4xx_HAL_Driver/Src/stm32f4xx_hal_rcc.o
LOAD ./Drivers/STM32F4xx_HAL_Driver/Src/stm32f4xx_hal_rcc_ex.o
LOAD ./Drivers/STM32F4xx_HAL_Driver/Src/stm32f4xx_hal_tim.o
LOAD ./Drivers/STM32F4xx_HAL_Driver/Src/stm32f4xx_hal_tim_ex.o
START GROUP
LOAD d:/programs/stm32cubeide_1.7.0/stm32cubeide/plugins/com.st.stm32cube.ide.mcu.externaltools.gnu-tools-for-stm32.9-2020-q2-update.win32_2.0.0.202105311346/tools/bin/../lib/gcc/arm-none-eabi/9.3.1/../../../../arm-none-eabi/lib/thumb/v7e-m+fp/hard\libc_nano.a
LOAD d:/programs/stm32cubeide_1.7.0/stm32cubeide/plugins/com.st.stm32cube.ide.mcu.externaltools.gnu-tools-for-stm32.9-2020-q2-update.win32_2.0.0.202105311346/tools/bin/../lib/gcc/arm-none-eabi/9.3.1/../../../../arm-none-eabi/lib/thumb/v7e-m+fp/hard\libm.a
END GROUP
START GROUP
LOAD d:/programs/stm32cubeide_1.7.0/stm32cubeide/plugins/com.st.stm32cube.ide.mcu.externaltools.gnu-tools-for-stm32.9-2020-q2-update.win32_2.0.0.202105311346/tools/bin/../lib/gcc/arm-none-eabi/9.3.1/thumb/v7e-m+fp/hard\libgcc.a
LOAD d:/programs/stm32cubeide_1.7.0/stm32cubeide/plugins/com.st.stm32cube.ide.mcu.externaltools.gnu-tools-for-stm32.9-2020-q2-update.win32_2.0.0.202105311346/tools/bin/../lib/gcc/arm-none-eabi/9.3.1/../../../../arm-none-eabi/lib/thumb/v7e-m+fp/hard\libc_nano.a
END GROUP
START GROUP
LOAD d:/programs/stm32cubeide_1.7.0/stm32cubeide/plugins/com.st.stm32cube.ide.mcu.externaltools.gnu-tools-for-stm32.9-2020-q2-update.win32_2.0.0.202105311346/tools/bin/../lib/gcc/arm-none-eabi/9.3.1/thumb/v7e-m+fp/hard\libgcc.a
LOAD d:/programs/stm32cubeide_1.7.0/stm32cubeide/plugins/com.st.stm32cube.ide.mcu.externaltools.gnu-tools-for-stm32.9-2020-q2-update.win32_2.0.0.202105311346/tools/bin/../lib/gcc/arm-none-eabi/9.3.1/../../../../arm-none-eabi/lib/thumb/v7e-m+fp/hard\libc_nano.a
LOAD d:/programs/stm32cubeide_1.7.0/stm32cubeide/plugins/com.st.stm32cube.ide.mcu.externaltools.gnu-tools-for-stm32.9-2020-q2-update.win32_2.0.0.202105311346/tools/bin/../lib/gcc/arm-none-eabi/9.3.1/../../../../arm-none-eabi/lib/thumb/v7e-m+fp/hard\libnosys.a
END GROUP
START GROUP
LOAD d:/programs/stm32cubeide_1.7.0/stm32cubeide/plugins/com.st.stm32cube.ide.mcu.externaltools.gnu-tools-for-stm32.9-2020-q2-update.win32_2.0.0.202105311346/tools/bin/../lib/gcc/arm-none-eabi/9.3.1/thumb/v7e-m+fp/hard\libgcc.a
LOAD d:/programs/stm32cubeide_1.7.0/stm32cubeide/plugins/com.st.stm32cube.ide.mcu.externaltools.gnu-tools-for-stm32.9-2020-q2-update.win32_2.0.0.202105311346/tools/bin/../lib/gcc/arm-none-eabi/9.3.1/../../../../arm-none-eabi/lib/thumb/v7e-m+fp/hard\libc_nano.a
LOAD d:/programs/stm32cubeide_1.7.0/stm32cubeide/plugins/com.st.stm32cube.ide.mcu.externaltools.gnu-tools-for-stm32.9-2020-q2-update.win32_2.0.0.202105311346/tools/bin/../lib/gcc/arm-none-eabi/9.3.1/../../../../arm-none-eabi/lib/thumb/v7e-m+fp/hard\libnosys.a
END GROUP
LOAD d:/programs/stm32cubeide_1.7.0/stm32cubeide/plugins/com.st.stm32cube.ide.mcu.externaltools.gnu-tools-for-stm32.9-2020-q2-update.win32_2.0.0.202105311346/tools/bin/../lib/gcc/arm-none-eabi/9.3.1/thumb/v7e-m+fp/hard/crtend.o
LOAD d:/programs/stm32cubeide_1.7.0/stm32cubeide/plugins/com.st.stm32cube.ide.mcu.externaltools.gnu-tools-for-stm32.9-2020-q2-update.win32_2.0.0.202105311346/tools/bin/../lib/gcc/arm-none-eabi/9.3.1/thumb/v7e-m+fp/hard/crtn.o
                0x0000000020010000                _estack = (ORIGIN (RAM) + LENGTH (RAM))
                0x0000000000000200                _Min_Heap_Size = 0x200
                0x0000000000000400                _Min_Stack_Size = 0x400

.isr_vector     0x0000000008000000      0x194
                0x0000000008000000                . = ALIGN (0x4)
 *(.isr_vector)
 .isr_vector    0x0000000008000000      0x194 ./Core/Startup/startup_stm32f401ccux.o
                0x0000000008000000                g_pfnVectors
                0x0000000008000194                . = ALIGN (0x4)

.text           0x0000000008000194      0x438
                0x0000000008000194                . = ALIGN (0x4)
 *(.text)
 .text          0x0000000008000194       0x40 d:/programs/stm32cubeide_1.7.0/stm32cubeide/plugins/com.st.stm32cube.ide.mcu.externaltools.gnu-tools-for-stm32.9-2020-q2-update.win32_2.0.0.202105311346/tools/bin/../lib/gcc/arm-none-eabi/9.3.1/thumb/v7e-m+fp/hard/crtbegin.o
 *(.text*)
 .text.GPIO_EnableClock
                0x00000000080001d4       0x30 ./Core/Src/GPIO.o
                0x00000000080001d4                GPIO_EnableClock
 .text.GPIO_Init
                0x0000000008000204      0x180 ./Core/Src/GPIO.o
                0x0000000008000204                GPIO_Init
 .text.GPIO_WritePin
                0x0000000008000384       0xc4 ./Core/Src/GPIO.o
                0x0000000008000384                GPIO_WritePin
 .text.EXTI0_IRQHandler
                0x0000000008000448       0x38 ./Core/Src/main.o
                0x0000000008000448                EXTI0_IRQHandler
 .text.main     0x0000000008000480       0x74 ./Core/Src/main.o
                0x0000000008000480                main
 .text.SystemInit
                0x00000000080004f4       0x24 ./Core/Src/system_stm32f4xx.o
                0x00000000080004f4                SystemInit
 .text.Reset_Handler
                0x0000000008000518       0x50 ./Core/Startup/startup_stm32f401ccux.o
                0x0000000008000518                Reset_Handler
 .text.Default_Handler
                0x0000000008000568        0x2 ./Core/Startup/startup_stm32f401ccux.o
                0x0000000008000568                RTC_Alarm_IRQHandler
                0x0000000008000568                EXTI2_IRQHandler
                0x0000000008000568                DebugMon_Handler
                0x0000000008000568                SPI4_IRQHandler
                0x0000000008000568                TIM1_CC_IRQHandler
                0x0000000008000568                DMA2_Stream5_IRQHandler
                0x0000000008000568                HardFault_Handler
                0x0000000008000568                DMA1_Stream5_IRQHandler
                0x0000000008000568                SysTick_Handler
                0x0000000008000568                PVD_IRQHandler
                0x0000000008000568                SDIO_IRQHandler
                0x0000000008000568                TAMP_STAMP_IRQHandler
                0x0000000008000568                PendSV_Handler
                0x0000000008000568                NMI_Handler
                0x0000000008000568                EXTI3_IRQHandler
                0x0000000008000568                TIM1_UP_TIM10_IRQHandler
                0x0000000008000568                I2C3_ER_IRQHandler
                0x0000000008000568                I2C2_EV_IRQHandler
                0x0000000008000568                DMA1_Stream2_IRQHandler
                0x0000000008000568                FPU_IRQHandler
                0x0000000008000568                UsageFault_Handler
                0x0000000008000568                DMA2_Stream2_IRQHandler
                0x0000000008000568                SPI1_IRQHandler
                0x0000000008000568                TIM1_BRK_TIM9_IRQHandler
                0x0000000008000568                DMA2_Stream3_IRQHandler
                0x0000000008000568                USART6_IRQHandler
                0x0000000008000568                DMA2_Stream0_IRQHandler
                0x0000000008000568                TIM4_IRQHandler
                0x0000000008000568                I2C1_EV_IRQHandler
                0x0000000008000568                DMA1_Stream6_IRQHandler
                0x0000000008000568                DMA1_Stream1_IRQHandler
                0x0000000008000568                TIM3_IRQHandler
                0x0000000008000568                RCC_IRQHandler
                0x0000000008000568                Default_Handler
                0x0000000008000568                EXTI15_10_IRQHandler
                0x0000000008000568                ADC_IRQHandler
                0x0000000008000568                DMA1_Stream7_IRQHandler
                0x0000000008000568                TIM5_IRQHandler
                0x0000000008000568                DMA2_Stream7_IRQHandler
                0x0000000008000568                I2C3_EV_IRQHandler
                0x0000000008000568                EXTI9_5_IRQHandler
                0x0000000008000568                RTC_WKUP_IRQHandler
                0x0000000008000568                SPI2_IRQHandler
                0x0000000008000568                MemManage_Handler
                0x0000000008000568                DMA1_Stream0_IRQHandler
                0x0000000008000568                SVC_Handler
                0x0000000008000568                EXTI4_IRQHandler
                0x0000000008000568                WWDG_IRQHandler
                0x0000000008000568                TIM2_IRQHandler
                0x0000000008000568                OTG_FS_WKUP_IRQHandler
                0x0000000008000568                TIM1_TRG_COM_TIM11_IRQHandler
                0x0000000008000568                EXTI1_IRQHandler
                0x0000000008000568                USART2_IRQHandler
                0x0000000008000568                I2C2_ER_IRQHandler
                0x0000000008000568                DMA2_Stream1_IRQHandler
                0x0000000008000568                FLASH_IRQHandler
                0x0000000008000568                DMA2_Stream4_IRQHandler
                0x0000000008000568                BusFault_Handler
                0x0000000008000568                USART1_IRQHandler
                0x0000000008000568                OTG_FS_IRQHandler
                0x0000000008000568                SPI3_IRQHandler
                0x0000000008000568                DMA1_Stream4_IRQHandler
                0x0000000008000568                I2C1_ER_IRQHandler
                0x0000000008000568                DMA2_Stream6_IRQHandler
                0x0000000008000568                DMA1_Stream3_IRQHandler
 *fill*         0x000000000800056a        0x2 
 .text.__libc_init_array
                0x000000000800056c       0x48 d:/programs/stm32cubeide_1.7.0/stm32cubeide/plugins/com.st.stm32cube.ide.mcu.externaltools.gnu-tools-for-stm32.9-2020-q2-update.win32_2.0.0.202105311346/tools/bin/../lib/gcc/arm-none-eabi/9.3.1/../../../../arm-none-eabi/lib/thumb/v7e-m+fp/hard\libc_nano.a(lib_a-init.o)
                0x000000000800056c                __libc_init_array
 *(.glue_7)
 .glue_7        0x00000000080005b4        0x0 linker stubs
 *(.glue_7t)
 .glue_7t       0x00000000080005b4        0x0 linker stubs
 *(.eh_frame)
 .eh_frame      0x00000000080005b4        0x0 d:/programs/stm32cubeide_1.7.0/stm32cubeide/plugins/com.st.stm32cube.ide.mcu.externaltools.gnu-tools-for-stm32.9-2020-q2-update.win32_2.0.0.202105311346/tools/bin/../lib/gcc/arm-none-eabi/9.3.1/thumb/v7e-m+fp/hard/crtbegin.o
 *(.init)
 .init          0x00000000080005b4        0x4 d:/programs/stm32cubeide_1.7.0/stm32cubeide/plugins/com.st.stm32cube.ide.mcu.externaltools.gnu-tools-for-stm32.9-2020-q2-update.win32_2.0.0.202105311346/tools/bin/../lib/gcc/arm-none-eabi/9.3.1/thumb/v7e-m+fp/hard/crti.o
                0x00000000080005b4                _init
 .init          0x00000000080005b8        0x8 d:/programs/stm32cubeide_1.7.0/stm32cubeide/plugins/com.st.stm32cube.ide.mcu.externaltools.gnu-tools-for-stm32.9-2020-q2-update.win32_2.0.0.202105311346/tools/bin/../lib/gcc/arm-none-eabi/9.3.1/thumb/v7e-m+fp/hard/crtn.o
 *(.fini)
 .fini          0x00000000080005c0        0x4 d:/programs/stm32cubeide_1.7.0/stm32cubeide/plugins/com.st.stm32cube.ide.mcu.externaltools.gnu-tools-for-stm32.9-2020-q2-update.win32_2.0.0.202105311346/tools/bin/../lib/gcc/arm-none-eabi/9.3.1/thumb/v7e-m+fp/hard/crti.o
                0x00000000080005c0                _fini
 .fini          0x00000000080005c4        0x8 d:/programs/stm32cubeide_1.7.0/stm32cubeide/plugins/com.st.stm32cube.ide.mcu.externaltools.gnu-tools-for-stm32.9-2020-q2-update.win32_2.0.0.202105311346/tools/bin/../lib/gcc/arm-none-eabi/9.3.1/thumb/v7e-m+fp/hard/crtn.o
                0x00000000080005cc                . = ALIGN (0x4)
                0x00000000080005cc                _etext = .

.vfp11_veneer   0x00000000080005cc        0x0
 .vfp11_veneer  0x00000000080005cc        0x0 linker stubs

.v4_bx          0x00000000080005cc        0x0
 .v4_bx         0x00000000080005cc        0x0 linker stubs

.iplt           0x00000000080005cc        0x0
 .iplt          0x00000000080005cc        0x0 d:/programs/stm32cubeide_1.7.0/stm32cubeide/plugins/com.st.stm32cube.ide.mcu.externaltools.gnu-tools-for-stm32.9-2020-q2-update.win32_2.0.0.202105311346/tools/bin/../lib/gcc/arm-none-eabi/9.3.1/thumb/v7e-m+fp/hard/crtbegin.o

.rel.dyn        0x00000000080005cc        0x0
 .rel.iplt      0x00000000080005cc        0x0 d:/programs/stm32cubeide_1.7.0/stm32cubeide/plugins/com.st.stm32cube.ide.mcu.externaltools.gnu-tools-for-stm32.9-2020-q2-update.win32_2.0.0.202105311346/tools/bin/../lib/gcc/arm-none-eabi/9.3.1/thumb/v7e-m+fp/hard/crtbegin.o

.rodata         0x00000000080005cc        0x0
                0x00000000080005cc                . = ALIGN (0x4)
 *(.rodata)
 *(.rodata*)
                0x00000000080005cc                . = ALIGN (0x4)

.ARM.extab      0x00000000080005cc        0x0
                0x00000000080005cc                . = ALIGN (0x4)
 *(.ARM.extab* .gnu.linkonce.armextab.*)
                0x00000000080005cc                . = ALIGN (0x4)

.ARM            0x00000000080005cc        0x0
                0x00000000080005cc                . = ALIGN (0x4)
                0x00000000080005cc                __exidx_start = .
 *(.ARM.exidx*)
                0x00000000080005cc                __exidx_end = .
                0x00000000080005cc                . = ALIGN (0x4)

.preinit_array  0x00000000080005cc        0x0
                0x00000000080005cc                . = ALIGN (0x4)
                0x00000000080005cc                PROVIDE (__preinit_array_start = .)
 *(.preinit_array*)
                0x00000000080005cc                PROVIDE (__preinit_array_end = .)
                0x00000000080005cc                . = ALIGN (0x4)

.init_array     0x00000000080005cc        0x4
                0x00000000080005cc                . = ALIGN (0x4)
                0x00000000080005cc                PROVIDE (__init_array_start = .)
 *(SORT_BY_NAME(.init_array.*))
 *(.init_array*)
 .init_array    0x00000000080005cc        0x4 d:/programs/stm32cubeide_1.7.0/stm32cubeide/plugins/com.st.stm32cube.ide.mcu.externaltools.gnu-tools-for-stm32.9-2020-q2-update.win32_2.0.0.202105311346/tools/bin/../lib/gcc/arm-none-eabi/9.3.1/thumb/v7e-m+fp/hard/crtbegin.o
                0x00000000080005d0                PROVIDE (__init_array_end = .)
                0x00000000080005d0                . = ALIGN (0x4)

.fini_array     0x00000000080005d0        0x4
                0x00000000080005d0                . = ALIGN (0x4)
                [!provide]                        PROVIDE (__fini_array_start = .)
 *(SORT_BY_NAME(.fini_array.*))
 *(.fini_array*)
 .fini_array    0x00000000080005d0        0x4 d:/programs/stm32cubeide_1.7.0/stm32cubeide/plugins/com.st.stm32cube.ide.mcu.externaltools.gnu-tools-for-stm32.9-2020-q2-update.win32_2.0.0.202105311346/tools/bin/../lib/gcc/arm-none-eabi/9.3.1/thumb/v7e-m+fp/hard/crtbegin.o
                [!provide]                        PROVIDE (__fini_array_end = .)
                0x00000000080005d4                . = ALIGN (0x4)
                0x00000000080005d4                _sidata = LOADADDR (.data)

.data           0x0000000020000000       0x50 load address 0x00000000080005d4
                0x0000000020000000                . = ALIGN (0x4)
                0x0000000020000000                _sdata = .
 *(.data)
 *(.data*)
 .data.look_up  0x0000000020000000       0x50 ./Core/Src/GPIO.o
                0x0000000020000000                look_up
 *(.RamFunc)
 *(.RamFunc*)
                0x0000000020000050                . = ALIGN (0x4)
                0x0000000020000050                _edata = .

.igot.plt       0x0000000020000050        0x0 load address 0x0000000008000624
 .igot.plt      0x0000000020000050        0x0 d:/programs/stm32cubeide_1.7.0/stm32cubeide/plugins/com.st.stm32cube.ide.mcu.externaltools.gnu-tools-for-stm32.9-2020-q2-update.win32_2.0.0.202105311346/tools/bin/../lib/gcc/arm-none-eabi/9.3.1/thumb/v7e-m+fp/hard/crtbegin.o
                0x0000000020000050                . = ALIGN (0x4)

.bss            0x0000000020000050       0x20 load address 0x0000000008000624
                0x0000000020000050                _sbss = .
                0x0000000020000050                __bss_start__ = _sbss
 *(.bss)
 .bss           0x0000000020000050       0x1c d:/programs/stm32cubeide_1.7.0/stm32cubeide/plugins/com.st.stm32cube.ide.mcu.externaltools.gnu-tools-for-stm32.9-2020-q2-update.win32_2.0.0.202105311346/tools/bin/../lib/gcc/arm-none-eabi/9.3.1/thumb/v7e-m+fp/hard/crtbegin.o
 *(.bss*)
 .bss.data      0x000000002000006c        0x4 ./Core/Src/main.o
                0x000000002000006c                data
 *(COMMON)
                0x0000000020000070                . = ALIGN (0x4)
                0x0000000020000070                _ebss = .
                0x0000000020000070                __bss_end__ = _ebss

._user_heap_stack
                0x0000000020000070      0x600 load address 0x0000000008000624
                0x0000000020000070                . = ALIGN (0x8)
                [!provide]                        PROVIDE (end = .)
                [!provide]                        PROVIDE (_end = .)
                0x0000000020000270                . = (. + _Min_Heap_Size)
 *fill*         0x0000000020000070      0x200 
                0x0000000020000670                . = (. + _Min_Stack_Size)
 *fill*         0x0000000020000270      0x400 
                0x0000000020000670                . = ALIGN (0x8)

/DISCARD/
 libc.a(*)
 libm.a(*)
 libgcc.a(*)

.ARM.attributes
                0x0000000000000000       0x30
 *(.ARM.attributes)
 .ARM.attributes
                0x0000000000000000       0x1e d:/programs/stm32cubeide_1.7.0/stm32cubeide/plugins/com.st.stm32cube.ide.mcu.externaltools.gnu-tools-for-stm32.9-2020-q2-update.win32_2.0.0.202105311346/tools/bin/../lib/gcc/arm-none-eabi/9.3.1/thumb/v7e-m+fp/hard/crti.o
 .ARM.attributes
                0x000000000000001e       0x34 d:/programs/stm32cubeide_1.7.0/stm32cubeide/plugins/com.st.stm32cube.ide.mcu.externaltools.gnu-tools-for-stm32.9-2020-q2-update.win32_2.0.0.202105311346/tools/bin/../lib/gcc/arm-none-eabi/9.3.1/thumb/v7e-m+fp/hard/crtbegin.o
 .ARM.attributes
                0x0000000000000052       0x34 ./Core/Src/GPIO.o
 .ARM.attributes
                0x0000000000000086       0x34 ./Core/Src/main.o
 .ARM.attributes
                0x00000000000000ba       0x34 ./Core/Src/system_stm32f4xx.o
 .ARM.attributes
                0x00000000000000ee       0x21 ./Core/Startup/startup_stm32f401ccux.o
 .ARM.attributes
                0x000000000000010f       0x34 d:/programs/stm32cubeide_1.7.0/stm32cubeide/plugins/com.st.stm32cube.ide.mcu.externaltools.gnu-tools-for-stm32.9-2020-q2-update.win32_2.0.0.202105311346/tools/bin/../lib/gcc/arm-none-eabi/9.3.1/../../../../arm-none-eabi/lib/thumb/v7e-m+fp/hard\libc_nano.a(lib_a-init.o)
 .ARM.attributes
                0x0000000000000143       0x1e d:/programs/stm32cubeide_1.7.0/stm32cubeide/plugins/com.st.stm32cube.ide.mcu.externaltools.gnu-tools-for-stm32.9-2020-q2-update.win32_2.0.0.202105311346/tools/bin/../lib/gcc/arm-none-eabi/9.3.1/thumb/v7e-m+fp/hard/crtn.o
OUTPUT(Lab7.elf elf32-littlearm)
LOAD linker stubs
LOAD d:/programs/stm32cubeide_1.7.0/stm32cubeide/plugins/com.st.stm32cube.ide.mcu.externaltools.gnu-tools-for-stm32.9-2020-q2-update.win32_2.0.0.202105311346/tools/bin/../lib/gcc/arm-none-eabi/9.3.1/../../../../arm-none-eabi/lib/thumb/v7e-m+fp/hard\libc.a
LOAD d:/programs/stm32cubeide_1.7.0/stm32cubeide/plugins/com.st.stm32cube.ide.mcu.externaltools.gnu-tools-for-stm32.9-2020-q2-update.win32_2.0.0.202105311346/tools/bin/../lib/gcc/arm-none-eabi/9.3.1/../../../../arm-none-eabi/lib/thumb/v7e-m+fp/hard\libm.a
LOAD d:/programs/stm32cubeide_1.7.0/stm32cubeide/plugins/com.st.stm32cube.ide.mcu.externaltools.gnu-tools-for-stm32.9-2020-q2-update.win32_2.0.0.202105311346/tools/bin/../lib/gcc/arm-none-eabi/9.3.1/thumb/v7e-m+fp/hard\libgcc.a

.debug_info     0x0000000000000000      0x9a8
 .debug_info    0x0000000000000000      0x25f ./Core/Src/GPIO.o
 .debug_info    0x000000000000025f      0x157 ./Core/Src/main.o
 .debug_info    0x00000000000003b6      0x5d0 ./Core/Src/system_stm32f4xx.o
 .debug_info    0x0000000000000986       0x22 ./Core/Startup/startup_stm32f401ccux.o

.debug_abbrev   0x0000000000000000      0x332
 .debug_abbrev  0x0000000000000000      0x114 ./Core/Src/GPIO.o
 .debug_abbrev  0x0000000000000114       0xc7 ./Core/Src/main.o
 .debug_abbrev  0x00000000000001db      0x145 ./Core/Src/system_stm32f4xx.o
 .debug_abbrev  0x0000000000000320       0x12 ./Core/Startup/startup_stm32f401ccux.o

.debug_aranges  0x0000000000000000       0xb0
 .debug_aranges
                0x0000000000000000       0x38 ./Core/Src/GPIO.o
 .debug_aranges
                0x0000000000000038       0x28 ./Core/Src/main.o
 .debug_aranges
                0x0000000000000060       0x28 ./Core/Src/system_stm32f4xx.o
 .debug_aranges
                0x0000000000000088       0x28 ./Core/Startup/startup_stm32f401ccux.o

.debug_ranges   0x0000000000000000       0x78
 .debug_ranges  0x0000000000000000       0x28 ./Core/Src/GPIO.o
 .debug_ranges  0x0000000000000028       0x18 ./Core/Src/main.o
 .debug_ranges  0x0000000000000040       0x18 ./Core/Src/system_stm32f4xx.o
 .debug_ranges  0x0000000000000058       0x20 ./Core/Startup/startup_stm32f401ccux.o

.debug_macro    0x0000000000000000    0x138b4
 .debug_macro   0x0000000000000000       0xf2 ./Core/Src/GPIO.o
 .debug_macro   0x00000000000000f2      0xaa8 ./Core/Src/GPIO.o
 .debug_macro   0x0000000000000b9a       0x28 ./Core/Src/GPIO.o
 .debug_macro   0x0000000000000bc2       0x22 ./Core/Src/GPIO.o
 .debug_macro   0x0000000000000be4       0x8e ./Core/Src/GPIO.o
 .debug_macro   0x0000000000000c72       0x51 ./Core/Src/GPIO.o
 .debug_macro   0x0000000000000cc3      0x103 ./Core/Src/GPIO.o
 .debug_macro   0x0000000000000dc6       0x6a ./Core/Src/GPIO.o
 .debug_macro   0x0000000000000e30      0x1df ./Core/Src/GPIO.o
 .debug_macro   0x000000000000100f       0x1c ./Core/Src/GPIO.o
 .debug_macro   0x000000000000102b       0x22 ./Core/Src/GPIO.o
 .debug_macro   0x000000000000104d       0xdf ./Core/Src/GPIO.o
 .debug_macro   0x000000000000112c     0x102d ./Core/Src/GPIO.o
 .debug_macro   0x0000000000002159      0x11f ./Core/Src/GPIO.o
 .debug_macro   0x0000000000002278     0xb86c ./Core/Src/GPIO.o
 .debug_macro   0x000000000000dae4       0x46 ./Core/Src/GPIO.o
 .debug_macro   0x000000000000db2a       0xe6 ./Core/Src/main.o
 .debug_macro   0x000000000000dc10      0x136 ./Core/Src/main.o
 .debug_macro   0x000000000000dd46       0x34 ./Core/Src/main.o
 .debug_macro   0x000000000000dd7a      0x1b0 ./Core/Src/system_stm32f4xx.o
 .debug_macro   0x000000000000df2a       0x2e ./Core/Src/system_stm32f4xx.o
 .debug_macro   0x000000000000df58       0x6d ./Core/Src/system_stm32f4xx.o
 .debug_macro   0x000000000000dfc5      0x28f ./Core/Src/system_stm32f4xx.o
 .debug_macro   0x000000000000e254     0x3666 ./Core/Src/system_stm32f4xx.o
 .debug_macro   0x00000000000118ba      0x174 ./Core/Src/system_stm32f4xx.o
 .debug_macro   0x0000000000011a2e       0x5c ./Core/Src/system_stm32f4xx.o
 .debug_macro   0x0000000000011a8a      0x416 ./Core/Src/system_stm32f4xx.o
 .debug_macro   0x0000000000011ea0      0x9fe ./Core/Src/system_stm32f4xx.o
 .debug_macro   0x000000000001289e      0x116 ./Core/Src/system_stm32f4xx.o
 .debug_macro   0x00000000000129b4       0xf8 ./Core/Src/system_stm32f4xx.o
 .debug_macro   0x0000000000012aac       0xa5 ./Core/Src/system_stm32f4xx.o
 .debug_macro   0x0000000000012b51      0x15f ./Core/Src/system_stm32f4xx.o
 .debug_macro   0x0000000000012cb0      0x287 ./Core/Src/system_stm32f4xx.o
 .debug_macro   0x0000000000012f37       0x5f ./Core/Src/system_stm32f4xx.o
 .debug_macro   0x0000000000012f96      0x236 ./Core/Src/system_stm32f4xx.o
 .debug_macro   0x00000000000131cc      0x132 ./Core/Src/system_stm32f4xx.o
 .debug_macro   0x00000000000132fe      0x23a ./Core/Src/system_stm32f4xx.o
 .debug_macro   0x0000000000013538       0x2e ./Core/Src/system_stm32f4xx.o
 .debug_macro   0x0000000000013566      0x11a ./Core/Src/system_stm32f4xx.o
 .debug_macro   0x0000000000013680       0x85 ./Core/Src/system_stm32f4xx.o
 .debug_macro   0x0000000000013705       0x89 ./Core/Src/system_stm32f4xx.o
 .debug_macro   0x000000000001378e      0x126 ./Core/Src/system_stm32f4xx.o

.debug_line     0x0000000000000000     0x11f2
 .debug_line    0x0000000000000000      0x57f ./Core/Src/GPIO.o
 .debug_line    0x000000000000057f      0x4d4 ./Core/Src/main.o
 .debug_line    0x0000000000000a53      0x717 ./Core/Src/system_stm32f4xx.o
 .debug_line    0x000000000000116a       0x88 ./Core/Startup/startup_stm32f401ccux.o

.debug_str      0x0000000000000000    0x7d888
 .debug_str     0x0000000000000000    0x4eed4 ./Core/Src/GPIO.o
                                      0x4f048 (size before relaxing)
 .debug_str     0x000000000004eed4      0x6d9 ./Core/Src/main.o
                                      0x4f5da (size before relaxing)
 .debug_str     0x000000000004f5ad    0x2e2a5 ./Core/Src/system_stm32f4xx.o
                                      0x7d14e (size before relaxing)
 .debug_str     0x000000000007d852       0x36 ./Core/Startup/startup_stm32f401ccux.o
                                         0x65 (size before relaxing)

.comment        0x0000000000000000       0x53
 .comment       0x0000000000000000       0x53 ./Core/Src/GPIO.o
                                         0x54 (size before relaxing)
 .comment       0x0000000000000053       0x54 ./Core/Src/main.o
 .comment       0x0000000000000053       0x54 ./Core/Src/system_stm32f4xx.o

.debug_frame    0x0000000000000000      0x184
 .debug_frame   0x0000000000000000       0xb8 ./Core/Src/GPIO.o
 .debug_frame   0x00000000000000b8       0x48 ./Core/Src/main.o
 .debug_frame   0x0000000000000100       0x58 ./Core/Src/system_stm32f4xx.o
 .debug_frame   0x0000000000000158       0x2c d:/programs/stm32cubeide_1.7.0/stm32cubeide/plugins/com.st.stm32cube.ide.mcu.externaltools.gnu-tools-for-stm32.9-2020-q2-update.win32_2.0.0.202105311346/tools/bin/../lib/gcc/arm-none-eabi/9.3.1/../../../../arm-none-eabi/lib/thumb/v7e-m+fp/hard\libc_nano.a(lib_a-init.o)
